$ python src/apfree.py 6 87-156 --budget 3000000 --store apfree_k6_a.json | sed -E 's/(SAT .{40}).*/\1/'
m= 87  UNKNOWN
m= 88  UNSAT
m= 89  UNKNOWN
m= 90  UNSAT
m= 91  UNKNOWN
m= 92  UNSAT
m= 93  UNKNOWN
m= 94  UNSAT
m= 95  UNKNOWN
m= 96  UNSAT
m= 97  UNKNOWN
m= 98  UNSAT
m= 99  UNSAT
m=100  UNSAT
m=101  UNKNOWN
m=102  UNSAT
m=103  UNKNOWN
m=104  UNSAT
m=105  UNKNOWN
m=106  UNSAT
m=107  UNKNOWN
m=108  UNSAT
m=109  UNKNOWN
m=110  UNSAT
m=111  UNSAT
m=112  UNSAT
m=113  UNKNOWN
m=114  UNSAT
m=115  UNKNOWN
m=116  UNSAT
m=117  UNSAT
m=118  UNSAT
m=119  UNKNOWN
m=120  UNSAT
m=121  UNKNOWN
m=122  UNSAT
m=123  UNSAT
m=124  UNSAT
m=125  UNKNOWN
m=126  UNSAT
m=127  SAT    delta_6 <= 1/1270   = 0.000787402  00
m=128  UNSAT
m=129  UNSAT
m=130  UNSAT
m=131  UNKNOWN
m=132  UNSAT
m=133  UNKNOWN
m=134  UNSAT
m=135  UNSAT
m=136  UNSAT
m=137  UNKNOWN
m=138  UNSAT
m=139  SAT    delta_6 <= 1/1390   = 0.000719424  01
m=140  UNSAT
m=141  UNKNOWN
m=142  UNSAT
m=143  UNKNOWN
m=144  UNSAT
m=145  UNKNOWN
m=146  UNSAT
m=147  UNKNOWN
m=148  UNSAT
m=149  UNKNOWN
m=150  UNSAT
m=151  UNKNOWN
m=152  UNSAT
m=153  UNSAT
m=154  UNSAT
m=155  UNKNOWN
m=156  UNSAT
largest AP-free m in this range: 139  ->  delta_6 <= 1/1390
$ python src/apfree.py 6 157-226 --budget 3000000 --store apfree_k6_b.json | sed -E 's/(SAT .{40}).*/\1/'
m=157  UNKNOWN
m=158  UNKNOWN
m=159  UNKNOWN
m=160  UNSAT
m=161  UNKNOWN
m=162  UNSAT
m=163  UNKNOWN
m=164  UNSAT
m=165  UNSAT
m=166  UNKNOWN
m=167  UNKNOWN
m=168  UNSAT
m=169  UNKNOWN
m=170  UNSAT
m=171  UNSAT
m=172  UNSAT
m=173  UNKNOWN
m=174  UNSAT
m=175  UNKNOWN
m=176  UNSAT
m=177  UNKNOWN
m=178  UNKNOWN
m=179  UNKNOWN
m=180  UNSAT
m=181  UNKNOWN
m=182  UNSAT
m=183  UNKNOWN
m=184  UNSAT
m=185  UNKNOWN
m=186  UNSAT
m=187  UNKNOWN
m=188  UNSAT
m=189  UNSAT
m=190  UNSAT
m=191  UNKNOWN
m=192  UNSAT
m=193  UNKNOWN
m=194  UNKNOWN
m=195  UNKNOWN
m=196  UNSAT
m=197  UNKNOWN
m=198  UNSAT
m=199  UNKNOWN
m=200  UNSAT
m=201  UNKNOWN
m=202  UNKNOWN
m=203  UNKNOWN
m=204  UNSAT
m=205  UNKNOWN
m=206  UNKNOWN
m=207  UNKNOWN
m=208  UNSAT
m=209  UNKNOWN
m=210  UNSAT
m=211  UNKNOWN
m=212  UNSAT
m=213  UNKNOWN
m=214  UNKNOWN
m=215  UNKNOWN
m=216  UNSAT
m=217  UNKNOWN
m=218  UNKNOWN
m=219  UNKNOWN
m=220  UNSAT
m=221  UNKNOWN
m=222  UNSAT
m=223  UNKNOWN
m=224  UNSAT
m=225  UNKNOWN
m=226  SAT    delta_6 <= 1/2260   = 0.000442478  01
largest AP-free m in this range: 226  ->  delta_6 <= 1/2260
$ python src/apfree.py 6 227-240 --budget 3000000 --store apfree_k6_cap.json | sed -E 's/(SAT .{40}).*/\1/'
m=227  UNKNOWN
m=228  UNSAT
m=229  UNKNOWN
m=230  UNSAT
m=231  UNSAT
m=232  UNSAT
m=233  UNKNOWN
m=234  UNSAT
m=235  UNKNOWN
m=236  UNSAT
m=237  UNKNOWN
m=238  UNSAT
m=239  UNKNOWN
m=240  UNSAT
