m=  33 k=4 zp sets=   3311 val=                376/3267 = 0.1150902969  bound=0.0575451485  [anneal] 3.0s
m=  34 k=4 zp sets=   3519 val=                 100/867 = 0.1153402537  bound=0.0576701269  [anneal] 3.4s
m=  35 k=4 zp sets=   3885 val=                  17/147 = 0.1156462585  bound=0.0578231293  [anneal] 3.9s
m=  36 k=4 zp sets=   3981 val=                449/3888 = 0.1154835391  bound=0.0577417695  [anneal] 6.8s
m=  37 k=4 zp sets=   4255 val=                157/1369 = 0.1146822498  bound=0.0573411249  [anneal] 2.5s
m=  38 k=4 zp sets=   4465 val=                  83/722 = 0.1149584488  bound=0.0574792244  [anneal] 4.2s
m=  39 k=4 zp sets=   4732 val=                526/4563 = 0.1152750384  bound=0.0576375192  [anneal] 4.7s
m=  40 k=4 zp sets=   5130 val=                  17/150 = 0.1133333333  bound=0.0566666667  [anneal] 8.9s
m=  41 k=4 zp sets=   5289 val=                193/1681 = 0.1148126115  bound=0.0574063058  [anneal] 3.1s
m=  42 k=4 zp sets=   5495 val=                199/1764 = 0.1128117914  bound=0.0564058957  [anneal] 10.4s
m=  43 k=4 zp sets=   5848 val=                635/5547 = 0.1144762935  bound=0.0572381467  [anneal] 3.5s
m=  44 k=4 zp sets=   6127 val=                  27/242 = 0.1115702479  bound=0.0557851240  [anneal] 7.1s
m=  45 k=4 zp sets=   6540 val=                697/6075 = 0.1147325103  bound=0.0573662551  [anneal] 9.6s
m=  46 k=4 zp sets=   6693 val=                361/3174 = 0.1137366100  bound=0.0568683050  [anneal] 7.2s
m=  47 k=4 zp sets=   7050 val=                253/2209 = 0.1145314622  bound=0.0572657311  [anneal] 4.6s
m=  48 k=4 zp sets=   7324 val=                  29/256 = 0.1132812500  bound=0.0566406250  [anneal] 17.5s
m=  49 k=4 zp sets=   7693 val=                274/2401 = 0.1141191170  bound=0.0570595585  [anneal] 7.2s
m=  50 k=4 zp sets=   8125 val=                569/5000 = 0.1138000000  bound=0.0569000000  [anneal] 12.9s
m=  51 k=4 zp sets=   8330 val=              1769/15606 = 0.1133538383  bound=0.0566769191  [anneal] 8.7s
m=  52 k=4 zp sets=   8697 val=                153/1352 = 0.1131656805  bound=0.0565828402  [anneal] 11.2s
m=  53 k=4 zp sets=   9063 val=                319/2809 = 0.1135635457  bound=0.0567817729  [anneal] 5.9s
m=  54 k=4 zp sets=   9333 val=                  55/486 = 0.1131687243  bound=0.0565843621  [anneal] 18.8s
m=  55 k=4 zp sets=   9955 val=                  69/605 = 0.1140495868  bound=0.0570247934  [anneal] 11.6s
m=  56 k=4 zp sets=  10150 val=                535/4704 = 0.1137329932  bound=0.0568664966  [anneal] 19.3s
m=  57 k=4 zp sets=  10507 val=                  41/361 = 0.1135734072  bound=0.0567867036  [anneal] 12.6s
m=  58 k=4 zp sets=  10875 val=              2299/20184 = 0.1139021007  bound=0.0569510503  [anneal] 14.7s
m=  59 k=4 zp sets=  11328 val=              2357/20886 = 0.1128507134  bound=0.0564253567  [anneal] 7.8s
m=  60 k=4 zp sets=  11855 val=                163/1440 = 0.1131944444  bound=0.0565972222  [anneal] 32.5s
m=  61 k=4 zp sets=  12139 val=                423/3721 = 0.1136791185  bound=0.0568395593  [anneal] 8.4s
m=  62 k=4 zp sets=  12493 val=                649/5766 = 0.1125563649  bound=0.0562781824  [anneal] 16.3s
m=  63 k=4 zp sets=  12936 val=                193/1701 = 0.1134626690  bound=0.0567313345  [anneal] 23.3s
m=  64 k=4 zp sets=  13392 val=                689/6144 = 0.1121419271  bound=0.0560709635  [anneal] 24.1s
m=  65 k=4 zp sets=  14040 val=              1433/12675 = 0.1130571992  bound=0.0565285996  [anneal] 17.7s
m=  66 k=4 zp sets=  14179 val=                733/6534 = 0.1121824304  bound=0.0560912152  [anneal] 27.8s
m=  67 k=4 zp sets=  14740 val=              1513/13467 = 0.1123487042  bound=0.0561743521  [anneal] 11.5s
m=  68 k=4 zp sets=  15181 val=                261/2312 = 0.1128892734  bound=0.0564446367  [anneal] 22.5s
m=  69 k=4 zp sets=  15617 val=                539/4761 = 0.1132115102  bound=0.0566057551  [anneal] 19.5s
m=  70 k=4 zp sets=  16275 val=                827/7350 = 0.1125170068  bound=0.0562585034  [anneal] 39.6s
m=  71 k=4 zp sets=  16614 val=              1708/15123 = 0.1129405541  bound=0.0564702771  [anneal] 12.3s
m=  72 k=4 zp sets=  17034 val=              1753/15552 = 0.1127186214  bound=0.0563593107  [anneal] 51.9s
m=  73 k=4 zp sets=  17593 val=                  49/438 = 0.1118721461  bound=0.0559360731  [anneal] 13.5s
m=  74 k=4 zp sets=  18019 val=                461/4107 = 0.1122473825  bound=0.0561236913  [anneal] 23.4s
m=  75 k=4 zp sets=  18775 val=                631/5625 = 0.1121777778  bound=0.0560888889  [anneal] 34.1s
m=  76 k=4 zp sets=  19095 val=              3899/34656 = 0.1125057710  bound=0.0562528855  [anneal] 34.3s
m=  77 k=4 zp sets=  19635 val=              3977/35574 = 0.1117951313  bound=0.0558975656  [anneal] 31.3s
m=  78 k=4 zp sets=  20033 val=                341/3042 = 0.1120973044  bound=0.0560486522  [anneal] 55.8s
m=  79 k=4 zp sets=  20698 val=                702/6241 = 0.1124819740  bound=0.0562409870  [anneal] 20.8s
m=  80 k=4 zp sets=  21460 val=                359/3200 = 0.1121875000  bound=0.0560937500  [anneal] 73.0s
m=  81 k=4 zp sets=  21735 val=              1475/13122 = 0.1124066453  bound=0.0562033227  [anneal] 37.7s
m=  82 k=4 zp sets=  22263 val=                562/5043 = 0.1114416022  bound=0.0557208011  [anneal] 31.2s
m=  83 k=4 zp sets=  22908 val=              4619/41334 = 0.1117481976  bound=0.0558740988  [anneal] 19.0s
m=  84 k=4 zp sets=  23401 val=              1579/14112 = 0.1118905896  bound=0.0559452948  [anneal] 76.4s
m=  85 k=4 zp sets=  24310 val=              2428/21675 = 0.1120184544  bound=0.0560092272  [anneal] 35.2s
