NEW m=   2 k=7 zp terms=       3 val=                    1/12 = 0.0833333333 bound=0.0416666667
NEW m=   3 k=7 zp terms=       7 val=                  14/135 = 0.1037037037 bound=0.0518518519
NEW m=   4 k=7 zp terms=      15 val=                    1/12 = 0.0833333333 bound=0.0416666667
NEW m=   5 k=7 zp terms=      31 val=                  28/375 = 0.0746666667 bound=0.0373333333
NEW m=   6 k=7 zp terms=      57 val=                    1/15 = 0.0666666667 bound=0.0333333333
NEW m=   7 k=7 zp terms=      92 val=                  59/980 = 0.0602040816 bound=0.0301020408
NEW m=   8 k=7 zp terms=     158 val=                  31/640 = 0.0484375000 bound=0.0242187500
NEW m=   9 k=7 zp terms=     249 val=                    4/81 = 0.0493827160 bound=0.0246913580
NEW m=  10 k=7 zp terms=     377 val=                103/3000 = 0.0343333333 bound=0.0171666667
NEW m=  11 k=7 zp terms=     572 val=                293/7260 = 0.0403581267 bound=0.0201790634
NEW m=  12 k=7 zp terms=     967 val=                137/4320 = 0.0317129630 bound=0.0158564815
NEW m=  13 k=7 zp terms=    1105 val=               319/10140 = 0.0314595661 bound=0.0157297830
NEW m=  14 k=7 zp terms=    1556 val=                  17/735 = 0.0231292517 bound=0.0115646259
NEW m=  15 k=7 zp terms=    1998 val=                 89/3375 = 0.0263703704 bound=0.0131851852
NEW m=  16 k=7 zp terms=    2388 val=                191/7680 = 0.0248697917 bound=0.0124348958
NEW m=  17 k=7 zp terms=    2618 val=                112/4335 = 0.0258362168 bound=0.0129181084
NEW m=  18 k=7 zp terms=    3174 val=                239/9720 = 0.0245884774 bound=0.0122942387
NEW m=  19 k=7 zp terms=    3629 val=               509/21660 = 0.0234995383 bound=0.0117497692
NEW m=  20 k=7 zp terms=    4409 val=                 41/2000 = 0.0205000000 bound=0.0102500000
NEW m=  21 k=7 zp terms=    5106 val=               563/26460 = 0.0212773998 bound=0.0106386999
NEW m=  22 k=7 zp terms=    5258 val=                139/7260 = 0.0191460055 bound=0.0095730028
NEW m=  23 k=7 zp terms=    6003 val=                172/7935 = 0.0216761185 bound=0.0108380592
NEW m=  24 k=7 zp terms=    7094 val=               661/34560 = 0.0191261574 bound=0.0095630787
NEW m=  25 k=7 zp terms=    7580 val=               751/37500 = 0.0200266667 bound=0.0100133333
NEW m=  26 k=7 zp terms=    8034 val=               261/13520 = 0.0193047337 bound=0.0096523669
NEW m=  27 k=7 zp terms=    9018 val=               427/21870 = 0.0195244627 bound=0.0097622314
NEW m=  28 k=7 zp terms=   10259 val=               299/15680 = 0.0190688776 bound=0.0095344388
NEW m=  60 k=7 zp terms=   55547 val=             2941/216000 = 0.0136157407 bound=0.0068078704
NEW m=  61 k=7 zp terms=   56486 val=               163/11163 = 0.0146018095 bound=0.0073009048
NEW m=  62 k=7 zp terms=   58218 val=             1517/115320 = 0.0131547000 bound=0.0065773500
