NEW m=   2 k=5 n terms=       3 val=                    1/16 = 0.0625000000 bound=0.0625000000
NEW m=   3 k=5 n terms=       6 val=                    1/24 = 0.0416666667 bound=0.0416666667
NEW m=   4 k=5 n terms=      10 val=                    1/32 = 0.0312500000 bound=0.0312500000
NEW m=   5 k=5 n terms=      15 val=                    1/40 = 0.0250000000 bound=0.0250000000
NEW m=   6 k=5 n terms=      24 val=                    1/48 = 0.0208333333 bound=0.0208333333
NEW m=   7 k=5 n terms=      37 val=                    1/56 = 0.0178571429 bound=0.0178571429
NEW m=   8 k=5 n terms=      54 val=                    1/64 = 0.0156250000 bound=0.0156250000
NEW m=   9 k=5 n terms=      72 val=                  11/648 = 0.0169753086 bound=0.0169753086
NEW m=  10 k=5 n terms=      94 val=                 19/1200 = 0.0158333333 bound=0.0158333333
NEW m=  11 k=5 n terms=     120 val=                  15/968 = 0.0154958678 bound=0.0154958678
NEW m=  12 k=5 n terms=     150 val=                 49/3456 = 0.0141782407 bound=0.0141782407
NEW m=  13 k=5 n terms=     181 val=                 53/4056 = 0.0130670611 bound=0.0130670611
NEW m=  14 k=5 n terms=     216 val=                    1/84 = 0.0119047619 bound=0.0119047619
NEW m=  15 k=5 n terms=     255 val=                 61/5400 = 0.0112962963 bound=0.0112962963
NEW m=  16 k=5 n terms=     298 val=                 65/6144 = 0.0105794271 bound=0.0105794271
NEW m=  17 k=5 n terms=     342 val=                 35/3468 = 0.0100922722 bound=0.0100922722
NEW m=  18 k=5 n terms=     390 val=                 37/3888 = 0.0095164609 bound=0.0095164609
NEW m=  19 k=5 n terms=     442 val=                 11/1083 = 0.0101569714 bound=0.0101569714
NEW m=  20 k=5 n terms=     498 val=                 97/9600 = 0.0101041667 bound=0.0101041667
NEW m=  21 k=5 n terms=     555 val=                 53/5292 = 0.0100151172 bound=0.0100151172
NEW m=  22 k=5 n terms=     616 val=                 37/3872 = 0.0095557851 bound=0.0095557851
NEW m=  23 k=5 n terms=     681 val=                 29/3174 = 0.0091367360 bound=0.0091367360
NEW m=  24 k=5 n terms=     750 val=                 31/3456 = 0.0089699074 bound=0.0089699074
NEW m=  25 k=5 n terms=     820 val=               137/15000 = 0.0091333333 bound=0.0091333333
NEW m=  26 k=5 n terms=     894 val=                 71/8112 = 0.0087524655 bound=0.0087524655
NEW m=  27 k=5 n terms=     972 val=                 49/5832 = 0.0084019204 bound=0.0084019204
NEW m=  28 k=5 n terms=    1054 val=                 19/2352 = 0.0080782313 bound=0.0080782313
NEW m=  29 k=5 n terms=    1137 val=                 22/2523 = 0.0087197780 bound=0.0087197780
NEW m=  30 k=5 n terms=    1224 val=                 19/2160 = 0.0087962963 bound=0.0087962963
NEW m=  31 k=5 n terms=    1315 val=               101/11532 = 0.0087582379 bound=0.0087582379
NEW m=  32 k=5 n terms=    1410 val=                 35/4096 = 0.0085449219 bound=0.0085449219
NEW m=  33 k=5 n terms=    1506 val=               217/26136 = 0.0083027242 bound=0.0083027242
NEW m=  34 k=5 n terms=    1606 val=                 19/2312 = 0.0082179931 bound=0.0082179931
NEW m=  35 k=5 n terms=    1710 val=                   2/245 = 0.0081632653 bound=0.0081632653
NEW m=  36 k=5 n terms=    1818 val=                 31/3888 = 0.0079732510 bound=0.0079732510
NEW m=  37 k=5 n terms=    1927 val=                85/10952 = 0.0077611395 bound=0.0077611395
NEW m=  38 k=5 n terms=    2040 val=                 65/8664 = 0.0075023084 bound=0.0075023084
NEW m=  39 k=5 n terms=    2157 val=                 11/1404 = 0.0078347578 bound=0.0078347578
NEW m=  40 k=5 n terms=    2278 val=                 49/6400 = 0.0076562500 bound=0.0076562500
NEW m=  41 k=5 n terms=    2400 val=                 13/1681 = 0.0077334920 bound=0.0077334920
NEW m=  42 k=5 n terms=    2526 val=               325/42336 = 0.0076766818 bound=0.0076766818
NEW m=  43 k=5 n terms=    2656 val=               337/44376 = 0.0075941951 bound=0.0075941951
NEW m=  44 k=5 n terms=    2790 val=               343/46464 = 0.0073820592 bound=0.0073820592
NEW m=  45 k=5 n terms=    2925 val=                 71/9720 = 0.0073045267 bound=0.0073045267
NEW m=  46 k=5 n terms=    3064 val=               187/25392 = 0.0073645243 bound=0.0073645243
NEW m=  47 k=5 n terms=    3207 val=               389/53016 = 0.0073374076 bound=0.0073374076
NEW m=  48 k=5 n terms=    3354 val=               203/27648 = 0.0073423032 bound=0.0073423032
NEW m=  49 k=5 n terms=    3502 val=               421/57624 = 0.0073059836 bound=0.0073059836
NEW m=  50 k=5 n terms=    3654 val=               439/60000 = 0.0073166667 bound=0.0073166667
NEW m=  51 k=5 n terms=    3810 val=                 19/2601 = 0.0073048827 bound=0.0073048827
NEW m=  52 k=5 n terms=    3970 val=               469/64896 = 0.0072269477 bound=0.0072269477
NEW m=  53 k=5 n terms=    4131 val=                81/11236 = 0.0072089712 bound=0.0072089712
NEW m=  54 k=5 n terms=    4296 val=               503/69984 = 0.0071873571 bound=0.0071873571
NEW m=  55 k=5 n terms=    4465 val=                 47/6600 = 0.0071212121 bound=0.0071212121
NEW m=  56 k=5 n terms=    4638 val=                 67/9408 = 0.0071215986 bound=0.0071215986
NEW m=  57 k=5 n terms=    4812 val=                 23/3249 = 0.0070791013 bound=0.0070791013
NEW m=  58 k=5 n terms=    4990 val=               143/20184 = 0.0070848197 bound=0.0070848197
NEW m=  59 k=5 n terms=    5172 val=               589/83544 = 0.0070501772 bound=0.0070501772
NEW m=  60 k=5 n terms=    5358 val=               121/17280 = 0.0070023148 bound=0.0070023148
NEW m=  61 k=5 n terms=    5545 val=               311/44652 = 0.0069649736 bound=0.0069649736
NEW m=  62 k=5 n terms=    5736 val=               161/23064 = 0.0069805758 bound=0.0069805758
NEW m=  63 k=5 n terms=    5931 val=               659/95256 = 0.0069181994 bound=0.0069181994
NEW m=  64 k=5 n terms=    6130 val=               341/49152 = 0.0069376628 bound=0.0069376628
NEW m=  65 k=5 n terms=    6330 val=               349/50700 = 0.0068836292 bound=0.0068836292
NEW m=  66 k=5 n terms=    6534 val=                 65/9504 = 0.0068392256 bound=0.0068392256
