NEW m=   2 k=3 n terms=       3 val=                     1/8 = 0.1250000000 bound=0.1250000000
NEW m=   3 k=3 n terms=       6 val=                    1/12 = 0.0833333333 bound=0.0833333333
NEW m=   4 k=3 n terms=      11 val=                    1/16 = 0.0625000000 bound=0.0625000000
NEW m=   5 k=3 n terms=      17 val=                   7/100 = 0.0700000000 bound=0.0700000000
NEW m=   6 k=3 n terms=      25 val=                    5/72 = 0.0694444444 bound=0.0694444444
NEW m=   7 k=3 n terms=      34 val=                  13/196 = 0.0663265306 bound=0.0663265306
NEW m=   8 k=3 n terms=      45 val=                    1/16 = 0.0625000000 bound=0.0625000000
NEW m=   9 k=3 n terms=      57 val=                    5/81 = 0.0617283951 bound=0.0617283951
NEW m=  10 k=3 n terms=      71 val=                  11/200 = 0.0550000000 bound=0.0550000000
NEW m=  11 k=3 n terms=      86 val=                  29/484 = 0.0599173554 bound=0.0599173554
NEW m=  12 k=3 n terms=     103 val=                  11/192 = 0.0572916667 bound=0.0572916667
NEW m=  13 k=3 n terms=     121 val=                    3/52 = 0.0576923077 bound=0.0576923077
NEW m=  14 k=3 n terms=     141 val=                  11/196 = 0.0561224490 bound=0.0561224490
NEW m=  15 k=3 n terms=     162 val=                  17/300 = 0.0566666667 bound=0.0566666667
NEW m=  16 k=3 n terms=     185 val=                  29/512 = 0.0566406250 bound=0.0566406250
NEW m=  17 k=3 n terms=     209 val=                 65/1156 = 0.0562283737 bound=0.0562283737
NEW m=  18 k=3 n terms=     235 val=                  35/648 = 0.0540123457 bound=0.0540123457
NEW m=  19 k=3 n terms=     262 val=                  20/361 = 0.0554016620 bound=0.0554016620
NEW m=  20 k=3 n terms=     291 val=                  11/200 = 0.0550000000 bound=0.0550000000
NEW m=  21 k=3 n terms=     321 val=                    1/18 = 0.0555555556 bound=0.0555555556
NEW m=  22 k=3 n terms=     353 val=                  27/484 = 0.0557851240 bound=0.0557851240
NEW m=  23 k=3 n terms=     386 val=                117/2116 = 0.0552930057 bound=0.0552930057
NEW m=  24 k=3 n terms=     421 val=                   7/128 = 0.0546875000 bound=0.0546875000
NEW m=  25 k=3 n terms=     457 val=                137/2500 = 0.0548000000 bound=0.0548000000
NEW m=  26 k=3 n terms=     495 val=                  37/676 = 0.0547337278 bound=0.0547337278
NEW m=  27 k=3 n terms=     534 val=                  53/972 = 0.0545267490 bound=0.0545267490
NEW m=  28 k=3 n terms=     575 val=                    3/56 = 0.0535714286 bound=0.0535714286
NEW m=  29 k=3 n terms=     617 val=                183/3364 = 0.0543995244 bound=0.0543995244
NEW m=  30 k=3 n terms=     661 val=                  49/900 = 0.0544444444 bound=0.0544444444
NEW m=  31 k=3 n terms=     706 val=                209/3844 = 0.0543704475 bound=0.0543704475
NEW m=  32 k=3 n terms=     753 val=                111/2048 = 0.0541992188 bound=0.0541992188
NEW m=  33 k=3 n terms=     801 val=                 79/1452 = 0.0544077135 bound=0.0544077135
NEW m=  34 k=3 n terms=     851 val=                 63/1156 = 0.0544982699 bound=0.0544982699
NEW m=  35 k=3 n terms=     902 val=                  19/350 = 0.0542857143 bound=0.0542857143
NEW m=  36 k=3 n terms=     955 val=                  35/648 = 0.0540123457 bound=0.0540123457
NEW m=  37 k=3 n terms=    1009 val=                    2/37 = 0.0540540541 bound=0.0540540541
NEW m=  38 k=3 n terms=    1065 val=                155/2888 = 0.0536703601 bound=0.0536703601
NEW m=  39 k=3 n terms=    1122 val=                329/6084 = 0.0540762656 bound=0.0540762656
NEW m=  40 k=3 n terms=    1181 val=                173/3200 = 0.0540625000 bound=0.0540625000
NEW m=  41 k=3 n terms=    1241 val=                363/6724 = 0.0539857228 bound=0.0539857228
NEW m=  42 k=3 n terms=    1303 val=                 95/1764 = 0.0538548753 bound=0.0538548753
NEW m=  43 k=3 n terms=    1366 val=                399/7396 = 0.0539480800 bound=0.0539480800
NEW m=  44 k=3 n terms=    1431 val=                  13/242 = 0.0537190083 bound=0.0537190083
NEW m=  45 k=3 n terms=    1497 val=                  29/540 = 0.0537037037 bound=0.0537037037
NEW m=  46 k=3 n terms=    1565 val=                227/4232 = 0.0536389414 bound=0.0536389414
NEW m=  47 k=3 n terms=    1634 val=                119/2209 = 0.0538705297 bound=0.0538705297
NEW m=  48 k=3 n terms=    1705 val=                  31/576 = 0.0538194444 bound=0.0538194444
NEW m=  49 k=3 n terms=    1777 val=                  37/686 = 0.0539358601 bound=0.0539358601
NEW m=  50 k=3 n terms=    1851 val=                  27/500 = 0.0540000000 bound=0.0540000000
NEW m=  51 k=3 n terms=    1926 val=                  11/204 = 0.0539215686 bound=0.0539215686
NEW m=  52 k=3 n terms=    2003 val=                291/5408 = 0.0538091716 bound=0.0538091716
NEW m=  53 k=3 n terms=    2081 val=               605/11236 = 0.0538447846 bound=0.0538447846
NEW m=  54 k=3 n terms=    2161 val=                157/2916 = 0.0538408779 bound=0.0538408779
NEW m=  55 k=3 n terms=    2242 val=                  13/242 = 0.0537190083 bound=0.0537190083
NEW m=  56 k=3 n terms=    2325 val=                    3/56 = 0.0535714286 bound=0.0535714286
NEW m=  57 k=3 n terms=    2409 val=               697/12996 = 0.0536318867 bound=0.0536318867
NEW m=  58 k=3 n terms=    2495 val=                  45/841 = 0.0535077289 bound=0.0535077289
NEW m=  59 k=3 n terms=    2582 val=               747/13924 = 0.0536483769 bound=0.0536483769
NEW m=  60 k=3 n terms=    2671 val=                193/3600 = 0.0536111111 bound=0.0536111111
NEW m=  61 k=3 n terms=    2761 val=               797/14884 = 0.0535474335 bound=0.0535474335
NEW m=  62 k=3 n terms=    2853 val=                411/7688 = 0.0534599376 bound=0.0534599376
NEW m=  63 k=3 n terms=    2946 val=               851/15876 = 0.0536029227 bound=0.0536029227
NEW m=  64 k=3 n terms=    3041 val=                439/8192 = 0.0535888672 bound=0.0535888672
NEW m=  65 k=3 n terms=    3137 val=                453/8450 = 0.0536094675 bound=0.0536094675
NEW m=  66 k=3 n terms=    3235 val=                467/8712 = 0.0536042241 bound=0.0536042241
NEW m=  67 k=3 n terms=    3334 val=                241/4489 = 0.0536867899 bound=0.0536867899
NEW m=  68 k=3 n terms=    3435 val=                  31/578 = 0.0536332180 bound=0.0536332180
NEW m=  69 k=3 n terms=    3537 val=                511/9522 = 0.0536651964 bound=0.0536651964
NEW m=  70 k=3 n terms=    3641 val=                263/4900 = 0.0536734694 bound=0.0536734694
NEW m=  71 k=3 n terms=    3746 val=              1081/20164 = 0.0536103948 bound=0.0536103948
NEW m=  72 k=3 n terms=    3853 val=                185/3456 = 0.0535300926 bound=0.0535300926
NEW m=  73 k=3 n terms=    3961 val=               571/10658 = 0.0535747795 bound=0.0535747795
NEW m=  74 k=3 n terms=    4071 val=              1173/21904 = 0.0535518627 bound=0.0535518627
NEW m=  75 k=3 n terms=    4182 val=                301/5625 = 0.0535111111 bound=0.0535111111
NEW m=  76 k=3 n terms=    4295 val=               617/11552 = 0.0534106648 bound=0.0534106648
NEW m=  77 k=3 n terms=    4409 val=              1269/23716 = 0.0535081801 bound=0.0535081801
NEW m=  78 k=3 n terms=    4525 val=                217/4056 = 0.0535009862 bound=0.0535009862
NEW m=  79 k=3 n terms=    4642 val=              1335/24964 = 0.0534770069 bound=0.0534770069
NEW m=  80 k=3 n terms=    4761 val=                171/3200 = 0.0534375000 bound=0.0534375000
NEW m=  81 k=3 n terms=    4881 val=                  13/243 = 0.0534979424 bound=0.0534979424
NEW m=  82 k=3 n terms=    5003 val=               719/13448 = 0.0534651993 bound=0.0534651993
NEW m=  83 k=3 n terms=    5126 val=              1475/27556 = 0.0535273625 bound=0.0535273625
NEW m=  84 k=3 n terms=    5251 val=               755/14112 = 0.0535005669 bound=0.0535005669
NEW m=  85 k=3 n terms=    5377 val=               773/14450 = 0.0534948097 bound=0.0534948097
NEW m=  86 k=3 n terms=    5505 val=               791/14792 = 0.0534748513 bound=0.0534748513
NEW m=  87 k=3 n terms=    5634 val=              1621/30276 = 0.0535407584 bound=0.0535407584
NEW m=  88 k=3 n terms=    5765 val=               829/15488 = 0.0535253099 bound=0.0535253099
NEW m=  89 k=3 n terms=    5897 val=              1695/31684 = 0.0534970332 bound=0.0534970332
NEW m=  90 k=3 n terms=    6031 val=                433/8100 = 0.0534567901 bound=0.0534567901
NEW m=  91 k=3 n terms=    6166 val=                443/8281 = 0.0534959546 bound=0.0534959546
NEW m=  92 k=3 n terms=    6303 val=              1811/33856 = 0.0534912571 bound=0.0534912571
NEW m=  93 k=3 n terms=    6441 val=               925/17298 = 0.0534743901 bound=0.0534743901
