    m=  83 k=4 zp terms=   22908 val=              4619/41334 = 0.1117481976 bound=0.0558740988
    m=  84 k=4 zp terms=   23401 val=              1579/14112 = 0.1118905896 bound=0.0559452948
    m=  85 k=4 zp terms=   24310 val=              2428/21675 = 0.1120184544 bound=0.0560092272
NEW m=  86 k=4 zp terms=   24553 val=                617/5547 = 0.1112312962 bound=0.0556156481
NEW m=  87 k=4 zp terms=   25172 val=              2548/22707 = 0.1122120932 bound=0.0561060466
NEW m=  88 k=4 zp terms=   25806 val=              1285/11616 = 0.1106232782 bound=0.0553116391
NEW m=  89 k=4 zp terms=   26433 val=              1771/15842 = 0.1117914405 bound=0.0558957202
NEW m=  90 k=4 zp terms=   27165 val=                136/1215 = 0.1119341564 bound=0.0559670782
NEW m=  91 k=4 zp terms=   27664 val=              2771/24843 = 0.1115404742 bound=0.0557702371
NEW m=  92 k=4 zp terms=   28267 val=                707/6348 = 0.1113736610 bound=0.0556868305
NEW m=  93 k=4 zp terms=   28861 val=                965/8649 = 0.1115735923 bound=0.0557867962
NEW m=  94 k=4 zp terms=   29469 val=              1475/13254 = 0.1112871586 bound=0.0556435793
NEW m=  95 k=4 zp terms=   30495 val=              3026/27075 = 0.1117636196 bound=0.0558818098
NEW m=  96 k=4 zp terms=   30776 val=              6161/55296 = 0.1114185475 bound=0.0557092737
NEW m=  97 k=4 zp terms=   31525 val=              6295/56454 = 0.1115067134 bound=0.0557533567
NEW m=  98 k=4 zp terms=   32095 val=              1601/14406 = 0.1111342496 bound=0.0555671248
NEW m=  99 k=4 zp terms=   32802 val=              6557/58806 = 0.1115022277 bound=0.0557511138
NEW m= 100 k=4 zp terms=   33825 val=              6673/60000 = 0.1112166667 bound=0.0556083333
NEW m= 101 k=4 zp terms=   34239 val=              6815/61206 = 0.1113452929 bound=0.0556726465
NEW m= 102 k=4 zp terms=   34765 val=              6949/62424 = 0.1113193643 bound=0.0556596822
NEW m= 103 k=4 zp terms=   35638 val=              2357/21218 = 0.1110849279 bound=0.0555424639
NEW m= 104 k=4 zp terms=   36322 val=                139/1248 = 0.1113782051 bound=0.0556891026
NEW m= 105 k=4 zp terms=   37310 val=                491/4410 = 0.1113378685 bound=0.0556689342
NEW m= 106 k=4 zp terms=   37683 val=                934/8427 = 0.1108342233 bound=0.0554171117
NEW m= 107 k=4 zp terms=   38520 val=              3820/34347 = 0.1112178647 bound=0.0556089324
NEW m= 108 k=4 zp terms=   39159 val=                242/2187 = 0.1106538637 bound=0.0553269319
NEW m= 109 k=4 zp terms=   40003 val=              2641/23762 = 0.1111438431 bound=0.0555719216
NEW m= 110 k=4 zp terms=   40975 val=                336/3025 = 0.1110743802 bound=0.0555371901
NEW m= 111 k=4 zp terms=   41440 val=              2735/24642 = 0.1109893677 bound=0.0554946839
NEW m= 112 k=4 zp terms=   42252 val=              4183/37632 = 0.1111553997 bound=0.0555776998
NEW m= 113 k=4 zp terms=   43053 val=              8515/76614 = 0.1111415668 bound=0.0555707834
NEW m= 114 k=4 zp terms=   43643 val=                359/3249 = 0.1104955371 bound=0.0552477685
NEW m= 115 k=4 zp terms=   44965 val=              4411/39675 = 0.1111783239 bound=0.0555891619
NEW m= 116 k=4 zp terms=   45385 val=                 103/928 = 0.1109913793 bound=0.0554956897
