NEW m=  41 k=5 zp terms=    9471 val=                373/6724 = 0.0554729328 bound=0.0277364664
NEW m=  42 k=5 zp terms=   10031 val=               563/10584 = 0.0531934996 bound=0.0265967498
NEW m=  43 k=5 zp terms=   10492 val=                205/3698 = 0.0554353705 bound=0.0277176852
NEW m=  44 k=5 zp terms=   11099 val=                  49/968 = 0.0506198347 bound=0.0253099174
NEW m=  45 k=5 zp terms=   11679 val=                  53/972 = 0.0545267490 bound=0.0272633745
NEW m=  46 k=5 zp terms=   12167 val=                 86/1587 = 0.0541902962 bound=0.0270951481
NEW m=  47 k=5 zp terms=   12690 val=              1439/26508 = 0.0542854987 bound=0.0271427494
NEW m=  48 k=5 zp terms=   13372 val=                  31/576 = 0.0538194444 bound=0.0269097222
NEW m=  49 k=5 zp terms=   13867 val=                521/9604 = 0.0542482299 bound=0.0271241150
NEW m=  50 k=5 zp terms=   14635 val=                389/7500 = 0.0518666667 bound=0.0259333333
NEW m=  51 k=5 zp terms=   15113 val=              1693/31212 = 0.0542419582 bound=0.0271209791
NEW m=  52 k=5 zp terms=   15821 val=                425/8112 = 0.0523915187 bound=0.0261957594
NEW m=  53 k=5 zp terms=   16377 val=               907/16854 = 0.0538151181 bound=0.0269075590
NEW m=  54 k=5 zp terms=   17109 val=                151/2916 = 0.0517832647 bound=0.0258916324
NEW m=  55 k=5 zp terms=   17831 val=              1951/36300 = 0.0537465565 bound=0.0268732782
NEW m=  56 k=5 zp terms=   18494 val=               979/18816 = 0.0520301871 bound=0.0260150935
NEW m=  57 k=5 zp terms=   19114 val=              2057/38988 = 0.0527598235 bound=0.0263799118
NEW m=  58 k=5 zp terms=   19865 val=              1067/20184 = 0.0528636544 bound=0.0264318272
NEW m=  59 k=5 zp terms=   20532 val=              2147/41772 = 0.0513980657 bound=0.0256990328
NEW m=  60 k=5 zp terms=   21527 val=                   7/135 = 0.0518518519 bound=0.0259259259
NEW m=  61 k=5 zp terms=   22021 val=              2357/44652 = 0.0527859894 bound=0.0263929947
NEW m=  62 k=5 zp terms=   22847 val=               807/15376 = 0.0524843913 bound=0.0262421956
NEW m=  63 k=5 zp terms=   23583 val=                 89/1701 = 0.0523221634 bound=0.0261610817
NEW m=  64 k=5 zp terms=   24464 val=              1283/24576 = 0.0522054036 bound=0.0261027018
NEW m=  65 k=5 zp terms=   25298 val=                131/2535 = 0.0516765286 bound=0.0258382643
NEW m=  66 k=5 zp terms=   26059 val=              1363/26136 = 0.0521502908 bound=0.0260751454
NEW m=  67 k=5 zp terms=   26800 val=               931/17956 = 0.0518489641 bound=0.0259244821
NEW m=  68 k=5 zp terms=   27761 val=              1453/27744 = 0.0523716840 bound=0.0261858420
NEW m=  69 k=5 zp terms=   28520 val=              2927/57132 = 0.0512322341 bound=0.0256161171
NEW m=  70 k=5 zp terms=   29589 val=                127/2450 = 0.0518367347 bound=0.0259183673
NEW m=  71 k=5 zp terms=   30246 val=              1035/20164 = 0.0513291014 bound=0.0256645507
NEW m=  72 k=5 zp terms=   31290 val=               529/10368 = 0.0510223765 bound=0.0255111883
NEW m=  73 k=5 zp terms=   32047 val=              3263/63948 = 0.0510258335 bound=0.0255129167
NEW m=  74 k=5 zp terms=   33041 val=              1123/21904 = 0.0512691746 bound=0.0256345873
NEW m=  75 k=5 zp terms=   34090 val=               866/16875 = 0.0513185185 bound=0.0256592593
NEW m=  76 k=5 zp terms=   34979 val=                297/5776 = 0.0514196676 bound=0.0257098338
NEW m=  77 k=5 zp terms=   35805 val=               916/17787 = 0.0514982853 bound=0.0257491426
