NEW m=   2 k=4 n terms=       3 val=                    1/12 = 0.0833333333 bound=0.0833333333
NEW m=   3 k=4 n terms=       6 val=                    1/18 = 0.0555555556 bound=0.0555555556
NEW m=   4 k=4 n terms=      10 val=                    1/24 = 0.0416666667 bound=0.0416666667
NEW m=   5 k=4 n terms=      17 val=                    1/30 = 0.0333333333 bound=0.0333333333
NEW m=   6 k=4 n terms=      27 val=                    1/36 = 0.0277777778 bound=0.0277777778
NEW m=   7 k=4 n terms=      38 val=                    3/98 = 0.0306122449 bound=0.0306122449
NEW m=   8 k=4 n terms=      52 val=                  11/384 = 0.0286458333 bound=0.0286458333
NEW m=   9 k=4 n terms=      69 val=                    1/36 = 0.0277777778 bound=0.0277777778
NEW m=  10 k=4 n terms=      87 val=                    1/40 = 0.0250000000 bound=0.0250000000
NEW m=  11 k=4 n terms=     108 val=                  17/726 = 0.0234159780 bound=0.0234159780
NEW m=  12 k=4 n terms=     132 val=                  19/864 = 0.0219907407 bound=0.0219907407
NEW m=  13 k=4 n terms=     157 val=                  15/676 = 0.0221893491 bound=0.0221893491
NEW m=  14 k=4 n terms=     185 val=                 25/1176 = 0.0212585034 bound=0.0212585034
NEW m=  15 k=4 n terms=     216 val=                    1/45 = 0.0222222222 bound=0.0222222222
NEW m=  16 k=4 n terms=     248 val=                  17/768 = 0.0221354167 bound=0.0221354167
NEW m=  17 k=4 n terms=     283 val=                 25/1156 = 0.0216262976 bound=0.0216262976
NEW m=  18 k=4 n terms=     321 val=                 41/1944 = 0.0210905350 bound=0.0210905350
NEW m=  19 k=4 n terms=     360 val=                 91/4332 = 0.0210064635 bound=0.0210064635
NEW m=  20 k=4 n terms=     402 val=                 49/2400 = 0.0204166667 bound=0.0204166667
NEW m=  21 k=4 n terms=     447 val=                    1/49 = 0.0204081633 bound=0.0204081633
NEW m=  22 k=4 n terms=     493 val=                 29/1452 = 0.0199724518 bound=0.0199724518
NEW m=  23 k=4 n terms=     542 val=                127/6348 = 0.0200063012 bound=0.0200063012
NEW m=  24 k=4 n terms=     594 val=                 67/3456 = 0.0193865741 bound=0.0193865741
NEW m=  25 k=4 n terms=     647 val=                 49/2500 = 0.0196000000 bound=0.0196000000
NEW m=  26 k=4 n terms=     703 val=                  10/507 = 0.0197238659 bound=0.0197238659
NEW m=  27 k=4 n terms=     762 val=                 85/4374 = 0.0194330133 bound=0.0194330133
NEW m=  28 k=4 n terms=     822 val=                181/9408 = 0.0192389456 bound=0.0192389456
NEW m=  29 k=4 n terms=     885 val=                  16/841 = 0.0190249703 bound=0.0190249703
NEW m=  30 k=4 n terms=     951 val=                 23/1200 = 0.0191666667 bound=0.0191666667
NEW m=  31 k=4 n terms=    1018 val=               221/11532 = 0.0191640652 bound=0.0191640652
NEW m=  32 k=4 n terms=    1088 val=                 39/2048 = 0.0190429688 bound=0.0190429688
NEW m=  33 k=4 n terms=    1161 val=                 83/4356 = 0.0190541781 bound=0.0190541781
NEW m=  34 k=4 n terms=    1235 val=               263/13872 = 0.0189590542 bound=0.0189590542
NEW m=  35 k=4 n terms=    1312 val=                139/7350 = 0.0189115646 bound=0.0189115646
NEW m=  36 k=4 n terms=    1392 val=                145/7776 = 0.0186471193 bound=0.0186471193
NEW m=  37 k=4 n terms=    1473 val=                 77/4107 = 0.0187484782 bound=0.0187484782
NEW m=  38 k=4 n terms=    1557 val=                 27/1444 = 0.0186980609 bound=0.0186980609
NEW m=  39 k=4 n terms=    1644 val=               341/18252 = 0.0186828841 bound=0.0186828841
NEW m=  40 k=4 n terms=    1732 val=                 71/3840 = 0.0184895833 bound=0.0184895833
NEW m=  41 k=4 n terms=    1823 val=               373/20172 = 0.0184909776 bound=0.0184909776
NEW m=  42 k=4 n terms=    1917 val=                 65/3528 = 0.0184240363 bound=0.0184240363
NEW m=  43 k=4 n terms=    2012 val=                137/7396 = 0.0185235262 bound=0.0185235262
NEW m=  44 k=4 n terms=    2110 val=                   9/484 = 0.0185950413 bound=0.0185950413
NEW m=  45 k=4 n terms=    2211 val=               451/24300 = 0.0185596708 bound=0.0185596708
NEW m=  46 k=4 n terms=    2313 val=                 39/2116 = 0.0184310019 bound=0.0184310019
NEW m=  47 k=4 n terms=    2418 val=               487/26508 = 0.0183718123 bound=0.0183718123
NEW m=  48 k=4 n terms=    2526 val=                127/6912 = 0.0183738426 bound=0.0183738426
NEW m=  49 k=4 n terms=    2635 val=               265/14406 = 0.0183951131 bound=0.0183951131
NEW m=  50 k=4 n terms=    2747 val=               553/30000 = 0.0184333333 bound=0.0184333333
NEW m=  51 k=4 n terms=    2862 val=               287/15606 = 0.0183903627 bound=0.0183903627
NEW m=  52 k=4 n terms=    2978 val=               595/32448 = 0.0183370316 bound=0.0183370316
NEW m=  53 k=4 n terms=    3097 val=               205/11236 = 0.0182449270 bound=0.0182449270
NEW m=  54 k=4 n terms=    3219 val=               637/34992 = 0.0182041610 bound=0.0182041610
NEW m=  55 k=4 n terms=    3342 val=               219/12100 = 0.0180991736 bound=0.0180991736
NEW m=  56 k=4 n terms=    3468 val=               337/18816 = 0.0179102891 bound=0.0179102891
NEW m=  57 k=4 n terms=    3597 val=                 37/2052 = 0.0180311891 bound=0.0180311891
NEW m=  58 k=4 n terms=    3727 val=                 61/3364 = 0.0181331748 bound=0.0181331748
NEW m=  59 k=4 n terms=    3860 val=                 63/3481 = 0.0180982476 bound=0.0180982476
NEW m=  60 k=4 n terms=    3996 val=               779/43200 = 0.0180324074 bound=0.0180324074
NEW m=  61 k=4 n terms=    4133 val=               805/44652 = 0.0180283078 bound=0.0180283078
NEW m=  62 k=4 n terms=    4273 val=                 69/3844 = 0.0179500520 bound=0.0179500520
NEW m=  63 k=4 n terms=    4416 val=               851/47628 = 0.0178676409 bound=0.0178676409
NEW m=  64 k=4 n terms=    4560 val=                147/8192 = 0.0179443359 bound=0.0179443359
NEW m=  65 k=4 n terms=    4707 val=                 61/3380 = 0.0180473373 bound=0.0180473373
NEW m=  66 k=4 n terms=    4857 val=               941/52272 = 0.0180019896 bound=0.0180019896
NEW m=  67 k=4 n terms=    5008 val=                161/8978 = 0.0179327244 bound=0.0179327244
NEW m=  68 k=4 n terms=    5162 val=               331/18496 = 0.0178957612 bound=0.0178957612
NEW m=  69 k=4 n terms=    5319 val=              1021/57132 = 0.0178708955 bound=0.0178708955
NEW m=  70 k=4 n terms=    5477 val=               527/29400 = 0.0179251701 bound=0.0179251701
NEW m=  71 k=4 n terms=    5638 val=               181/10082 = 0.0179527871 bound=0.0179527871
NEW m=  72 k=4 n terms=    5802 val=              1115/62208 = 0.0179237397 bound=0.0179237397
NEW m=  73 k=4 n terms=    5967 val=               575/31974 = 0.0179833615 bound=0.0179833615
NEW m=  74 k=4 n terms=    6135 val=               295/16428 = 0.0179571463 bound=0.0179571463
NEW m=  75 k=4 n terms=    6306 val=               302/16875 = 0.0178962963 bound=0.0178962963
NEW m=  76 k=4 n terms=    6478 val=               411/23104 = 0.0177891274 bound=0.0177891274
NEW m=  77 k=4 n terms=    6653 val=               317/17787 = 0.0178220048 bound=0.0178220048
