NEW m=   2 k=6 zp terms=       3 val=                    1/10 = 0.1000000000 bound=0.0500000000
NEW m=   3 k=6 zp terms=       7 val=                  17/135 = 0.1259259259 bound=0.0629629630
NEW m=   4 k=6 zp terms=      15 val=                    1/10 = 0.1000000000 bound=0.0500000000
NEW m=   5 k=6 zp terms=      31 val=                    7/75 = 0.0933333333 bound=0.0466666667
NEW m=   6 k=6 zp terms=      57 val=                  29/360 = 0.0805555556 bound=0.0402777778
NEW m=   7 k=6 zp terms=      91 val=                  23/294 = 0.0782312925 bound=0.0391156463
NEW m=   8 k=6 zp terms=     166 val=                  39/640 = 0.0609375000 bound=0.0304687500
NEW m=   9 k=6 zp terms=     258 val=                  49/810 = 0.0604938272 bound=0.0302469136
NEW m=  10 k=6 zp terms=     387 val=                 43/1000 = 0.0430000000 bound=0.0215000000
NEW m=  11 k=6 zp terms=     550 val=                  19/363 = 0.0523415978 bound=0.0261707989
NEW m=  12 k=6 zp terms=     775 val=                 97/2160 = 0.0449074074 bound=0.0224537037
NEW m=  13 k=6 zp terms=     910 val=               439/10140 = 0.0432938856 bound=0.0216469428
NEW m=  14 k=6 zp terms=    1267 val=                  39/980 = 0.0397959184 bound=0.0198979592
NEW m=  15 k=6 zp terms=    1443 val=               527/13500 = 0.0390370370 bound=0.0195185185
NEW m=  16 k=6 zp terms=    1700 val=                 99/2560 = 0.0386718750 bound=0.0193359375
NEW m=  17 k=6 zp terms=    1989 val=                 67/1734 = 0.0386389850 bound=0.0193194925
NEW m=  18 k=6 zp terms=    2283 val=                359/9720 = 0.0369341564 bound=0.0184670782
NEW m=  19 k=6 zp terms=    2660 val=                202/5415 = 0.0373037858 bound=0.0186518929
NEW m=  20 k=6 zp terms=    3149 val=                211/6000 = 0.0351666667 bound=0.0175833333
NEW m=  21 k=6 zp terms=    3570 val=                157/4410 = 0.0356009070 bound=0.0178004535
NEW m=  22 k=6 zp terms=    3751 val=                  23/726 = 0.0316804408 bound=0.0158402204
NEW m=  23 k=6 zp terms=    4278 val=                 37/1058 = 0.0349716446 bound=0.0174858223
NEW m=  24 k=6 zp terms=    4766 val=                 37/1152 = 0.0321180556 bound=0.0160590278
NEW m=  25 k=6 zp terms=    5380 val=              1261/37500 = 0.0336266667 bound=0.0168133333
NEW m=  26 k=6 zp terms=    5629 val=               443/13520 = 0.0327662722 bound=0.0163831361
NEW m=  27 k=6 zp terms=    6129 val=              1417/43740 = 0.0323959762 bound=0.0161979881
NEW m=  28 k=6 zp terms=    7147 val=               509/15680 = 0.0324617347 bound=0.0162308673
NEW m=  29 k=6 zp terms=    7395 val=                267/8410 = 0.0317479191 bound=0.0158739596
NEW m=  30 k=6 zp terms=    8101 val=                283/9000 = 0.0314444444 bound=0.0157222222
NEW m=  60 k=6 zp terms=   37127 val=             2821/108000 = 0.0261203704 bound=0.0130601852
NEW m=  61 k=6 zp terms=   38003 val=             6107/223260 = 0.0273537580 bound=0.0136768790
NEW m=  62 k=6 zp terms=   39091 val=               761/28830 = 0.0263961152 bound=0.0131980576
NEW m=  63 k=6 zp terms=   41139 val=             6437/238140 = 0.0270303183 bound=0.0135151592
NEW m=  64 k=6 zp terms=   42064 val=             6599/245760 = 0.0268513997 bound=0.0134256999
NEW m=  65 k=6 zp terms=   43888 val=              1379/50700 = 0.0271992110 bound=0.0135996055
NEW m=  66 k=6 zp terms=   44737 val=                 97/3630 = 0.0267217631 bound=0.0133608815
