b=  5 f=  1  UNSAT
b=  6 f=  2  UNSAT
b=  7 f=  1  UNSAT
b=  9 f=  1  UNSAT
b=  9 f=  3  UNSAT
b= 10 f=  2  UNSAT
b= 11 f=  1  UNSAT
b= 12 f=  4  UNSAT
b= 13 f=  1  UNSAT
b= 14 f=  2  UNSAT
b= 15 f=  1  UNSAT
b= 15 f=  3  UNSAT
b= 15 f=  5  UNSAT
b= 17 f=  1  UNSAT
b= 18 f=  2  UNSAT
b= 18 f=  6  UNSAT
b= 19 f=  1  UNSAT
b= 20 f=  4  UNSAT
b= 21 f=  1  UNSAT
b= 21 f=  3  UNSAT
b= 21 f=  7  UNSAT
b= 22 f=  2  UNSAT
b= 23 f=  1  UNSAT
b= 24 f=  8  UNSAT
b= 25 f=  1  UNSAT
b= 25 f=  5  UNSAT
b= 26 f=  2  UNSAT
b= 27 f=  1  UNSAT
b= 27 f=  3  UNSAT
b= 27 f=  9  UNSAT
b= 28 f=  4  UNSAT
b= 29 f=  1  UNSAT
b= 30 f=  2  UNSAT
b= 30 f=  6  UNSAT
b= 30 f= 10  UNSAT
b= 31 f=  1  UNSAT
b= 33 f=  1  UNSAT
b= 33 f=  3  UNSAT
b= 33 f= 11  UNSAT
b= 34 f=  2  UNSAT
b= 35 f=  1  UNSAT
b= 35 f=  5  UNSAT
b= 35 f=  7  UNSAT
b= 36 f=  4  UNSAT
b= 36 f= 12  UNSAT
b= 37 f=  1  UNSAT
b= 38 f=  2  UNSAT
b= 39 f=  1  UNSAT
b= 39 f=  3  UNSAT
b= 39 f= 13  UNSAT
b= 40 f=  8  UNSAT
b= 41 f=  1  UNSAT
b= 42 f=  2  UNSAT
b= 42 f=  6  UNSAT
b= 42 f= 14  UNSAT
b= 43 f=  1  UNSAT
b= 44 f=  4  UNSAT
b= 45 f=  1  UNSAT
b= 45 f=  3  UNSAT
b= 45 f=  5  UNSAT
b= 45 f=  9  UNSAT
b= 45 f= 15  UNSAT
b= 46 f=  2  UNSAT
b= 47 f=  1  UNSAT
b= 48 f= 16  UNSAT
b= 49 f=  1  UNSAT
b= 49 f=  7  UNSAT
b= 50 f=  2  UNSAT
b= 50 f= 10  UNSAT
b= 51 f=  1  UNSAT
b= 51 f=  3  UNSAT
b= 51 f= 17  UNSAT
b= 52 f=  4  UNSAT
b= 53 f=  1  UNSAT
b= 54 f=  2  UNSAT
b= 54 f=  6  UNSAT
b= 54 f= 18  UNSAT
b= 55 f=  1  UNSAT
b= 55 f=  5  UNSAT
b= 55 f= 11  UNSAT
b= 56 f=  8  UNSAT
b= 57 f=  1  UNSAT
b= 57 f=  3  UNSAT
b= 57 f= 19  UNSAT
b= 58 f=  2  UNSAT
b= 59 f=  1  UNSAT
b= 60 f=  4  UNSAT
b= 60 f= 12  UNSAT
b= 60 f= 20  UNSAT
k=3  b in 2-60  b+f > 4:  FORCED=110  UNSAT=89
no base found above b+f=4
