NEW m= 2 B=  4 vars=   8 terms=      46  1/16               0.062500000  1.0000x random 1.1709x published  [25s]
NEW m= 2 B=  5 vars=  10 terms=      71  13/200             0.065000000  1.0400x random 1.2178x published  [30s]
NEW m= 2 B=  6 vars=  12 terms=     104  1/16               0.062500000  1.0000x random 1.1709x published  [22s]
NEW m= 2 B=  7 vars=  14 terms=     141  3/49               0.061224490  0.9796x random 1.1470x published  [19s]
NEW m= 2 B=  8 vars=  16 terms=     186  15/256             0.058593750  0.9375x random 1.0978x published  [19s]
NEW m= 2 B=  9 vars=  18 terms=     235  77/1296            0.059413580  0.9506x random 1.1131x published  [24s]
NEW m= 2 B= 10 vars=  20 terms=     292  11/200             0.055000000  0.8800x random 1.0304x published  [30s]
NEW m= 2 B= 11 vars=  22 terms=     353  7/121              0.057851240  0.9256x random 1.0838x published  [35s]
NEW m= 2 B= 12 vars=  24 terms=     422  11/192             0.057291667  0.9167x random 1.0734x published  [23s]
NEW m= 2 B= 13 vars=  26 terms=     495  77/1352            0.056952663  0.9112x random 1.0670x published  [22s]
NEW m= 2 B= 14 vars=  28 terms=     576  87/1568            0.055484694  0.8878x random 1.0395x published  [37s]
NEW m= 2 B= 15 vars=  30 terms=     661  101/1800           0.056111111  0.8978x random 1.0512x published  [33s]
NEW m= 2 B= 16 vars=  32 terms=     754  57/1024            0.055664062  0.8906x random 1.0429x published  [34s]
NEW m= 2 B= 17 vars=  34 terms=     851  16/289             0.055363322  0.8858x random 1.0372x published  [41s]
NEW m= 2 B= 18 vars=  36 terms=     956  35/648             0.054012346  0.8642x random 1.0119x published  [46s]
NEW m= 2 B= 19 vars=  38 terms=    1065  159/2888           0.055055402  0.8809x random 1.0315x published  [35s]
NEW m= 2 B= 20 vars=  40 terms=    1182  11/200             0.055000000  0.8800x random 1.0304x published  [46s]
NEW m= 2 B= 21 vars=  42 terms=    1303  97/1764            0.054988662  0.8798x random 1.0302x published  [58s]
NEW m= 2 B= 22 vars=  44 terms=    1432  53/968             0.054752066  0.8760x random 1.0258x published  [44s]
NEW m= 2 B= 23 vars=  46 terms=    1565  29/529             0.054820416  0.8771x random 1.0271x published  [52s]
NEW m= 2 B= 24 vars=  48 terms=    1706  125/2304           0.054253472  0.8681x random 1.0164x published  [64s]
NEW m= 2 B= 25 vars=  50 terms=    1851  273/5000           0.054600000  0.8736x random 1.0229x published  [73s]
NEW m= 2 B= 26 vars=  52 terms=    2004  147/2704           0.054363905  0.8698x random 1.0185x published  [63s]
NEW m= 3 B=  4 vars=  12 terms=      79  1/16               0.062500000  1.0000x random 1.1709x published  [31s]
NEW m= 3 B=  5 vars=  15 terms=     128  11/180             0.061111111  0.9778x random 1.1449x published  [26s]
NEW m= 3 B=  6 vars=  18 terms=     195  13/216             0.060185185  0.9630x random 1.1276x published  [22s]
NEW m= 3 B=  7 vars=  21 terms=     271  53/882             0.060090703  0.9615x random 1.1258x published  [25s]
NEW m= 3 B=  8 vars=  24 terms=     365  17/288             0.059027778  0.9444x random 1.1059x published  [27s]
NEW m= 3 B=  9 vars=  27 terms=     468  85/1458            0.058299040  0.9328x random 1.0922x published  [28s]
NEW m= 3 B= 10 vars=  30 terms=     589  11/200             0.055000000  0.8800x random 1.0304x published  [32s]
NEW m= 3 B= 11 vars=  33 terms=     719  247/4356           0.056703398  0.9073x random 1.0623x published  [33s]
NEW m= 3 B= 12 vars=  36 terms=     867  37/648             0.057098765  0.9136x random 1.0697x published  [39s]
NEW m= 3 B= 13 vars=  39 terms=    1024  343/6084           0.056377383  0.9020x random 1.0562x published  [41s]
NEW m= 3 B= 14 vars=  42 terms=    1199  1/18               0.055555556  0.8889x random 1.0408x published  [48s]
NEW m= 3 B= 15 vars=  45 terms=    1383  113/2025           0.055802469  0.8928x random 1.0455x published  [59s]
NEW m= 3 B= 16 vars=  48 terms=    1585  85/1536            0.055338542  0.8854x random 1.0368x published  [56s]
NEW m= 3 B= 17 vars=  51 terms=    1796  571/10404          0.054882737  0.8781x random 1.0282x published  [54s]
NEW m= 3 B= 18 vars=  54 terms=    2025  35/648             0.054012346  0.8642x random 1.0119x published  [84s]
NEW m= 3 B= 19 vars=  57 terms=    2263  79/1444            0.054709141  0.8753x random 1.0250x published  [75s]
NEW m= 3 B= 20 vars=  60 terms=    2519  197/3600           0.054722222  0.8756x random 1.0252x published  [88s]
NEW m= 3 B= 21 vars=  63 terms=    2784  871/15876          0.054862686  0.8778x random 1.0279x published  [83s]
NEW m= 3 B= 22 vars=  66 terms=    3067  53/968             0.054752066  0.8760x random 1.0258x published  [61s]
NEW m= 3 B= 23 vars=  69 terms=    3359  347/6348           0.054662886  0.8746x random 1.0241x published  [41s]
