# src/verify_base (C) against safesat.violations (Python) on each base in results/safebase_k*.json: as stored, with the first bit at or after b/2 outside F flipped, and with the coset moved from r to r+1. (h1, h2) must be identical, and verify_base must exit 0 exactly when h1 = h2 = 0.
$ python val_vb.py  # session scratch script; each row runs: verify_base <k> <f> <r> <word>
k=4 b=  11 f=1 stored            C: h1=0     h2=0     exit=0   Python: h1=0     h2=0      agree  (python 0.0 s)
k=4 b=  11 f=1 bit 5 flipped     C: h1=6     h2=4     exit=1   Python: h1=6     h2=4      agree  (python 0.0 s)
k=4 b=  11 f=1 r=1               C: h1=0     h2=6     exit=1   Python: h1=0     h2=6      agree  (python 0.0 s)
k=5 b=  37 f=1 stored            C: h1=0     h2=0     exit=0   Python: h1=0     h2=0      agree  (python 0.0 s)
k=5 b=  37 f=1 bit 18 flipped    C: h1=14    h2=4     exit=1   Python: h1=14    h2=4      agree  (python 0.0 s)
k=5 b=  37 f=1 r=1               C: h1=0     h2=14    exit=1   Python: h1=0     h2=14     agree  (python 0.0 s)
k=5 b=  44 f=4 stored            C: h1=0     h2=0     exit=0   Python: h1=0     h2=0      agree  (python 0.0 s)
k=5 b=  44 f=4 bit 22 flipped    C: h1=16    h2=14    exit=1   Python: h1=16    h2=14     agree  (python 0.0 s)
k=5 b=  44 f=4 r=4               C: h1=0     h2=84    exit=1   Python: h1=0     h2=84     agree  (python 0.0 s)
k=6 b=  86 f=2 stored            C: h1=0     h2=0     exit=0   Python: h1=0     h2=0      agree  (python 0.0 s)
k=6 b=  86 f=2 bit 43 flipped    C: h1=22    h2=0     exit=1   Python: h1=22    h2=0      agree  (python 0.0 s)
k=6 b=  86 f=2 r=34              C: h1=0     h2=40    exit=1   Python: h1=0     h2=40     agree  (python 0.0 s)
k=6 b= 226 f=2 stored            C: h1=0     h2=0     exit=0   Python: h1=0     h2=0      agree  (python 0.0 s)
k=6 b= 226 f=2 bit 114 flipped   C: h1=54    h2=6     exit=1   Python: h1=54    h2=6      agree  (python 0.0 s)
k=6 b= 226 f=2 r=1               C: h1=0     h2=112   exit=1   Python: h1=0     h2=112    agree  (python 0.0 s)
k=7 b= 617 f=1 stored            C: h1=0     h2=0     exit=0   Python: h1=0     h2=0      agree  (python 0.3 s)
k=7 b= 617 f=1 bit 308 flipped   C: h1=80    h2=2     exit=1   Python: h1=80    h2=2      agree  (python 0.3 s)
k=7 b= 617 f=1 r=1               C: h1=0     h2=80    exit=1   Python: h1=0     h2=80     agree  (python 0.3 s)
k=8 b=1642 f=2 stored            C: h1=0     h2=0     exit=0   Python: h1=0     h2=0      agree  (python 2.6 s)
k=8 b=1642 f=2 bit 822 flipped   C: h1=112   h2=0     exit=1   Python: h1=112   h2=0      agree  (python 2.6 s)
k=8 b=1642 f=2 r=1               C: h1=0     h2=220   exit=1   Python: h1=0     h2=220    agree  (python 2.6 s)
21 instances, 21 agree, 14 with violations
