NEW m=  2 Phi=1/2            Psi=1/20           0.050000000  16.0000x random AP-FREE  [1s]
NEW m=  3 Phi=1/3            Psi=1/30           0.033333333  10.6667x random AP-FREE  [1s]
NEW m=  4 Phi=1/4            Psi=1/40           0.025000000  8.0000x random AP-FREE  [1s]
NEW m=  5 Phi=1/5            Psi=1/50           0.020000000  6.4000x random AP-FREE  [1s]
NEW m=  6 Phi=1/6            Psi=1/60           0.016666667  5.3333x random AP-FREE  [1s]
NEW m=  7 Phi=1/7            Psi=1/70           0.014285714  4.5714x random AP-FREE  [1s]
NEW m=  8 Phi=1/8            Psi=1/80           0.012500000  4.0000x random AP-FREE  [1s]
NEW m=  9 Phi=1/9            Psi=1/90           0.011111111  3.5556x random AP-FREE  [1s]
NEW m= 10 Phi=1/10           Psi=1/100          0.010000000  3.2000x random AP-FREE  [1s]
NEW m= 11 Phi=1/11           Psi=1/110          0.009090909  2.9091x random AP-FREE  [1s]
NEW m= 12 Phi=1/12           Psi=1/120          0.008333333  2.6667x random AP-FREE  [2s]
NEW m= 13 Phi=1/13           Psi=1/130          0.007692308  2.4615x random AP-FREE  [1s]
NEW m= 14 Phi=1/14           Psi=1/140          0.007142857  2.2857x random AP-FREE  [1s]
NEW m= 15 Phi=1/15           Psi=1/150          0.006666667  2.1333x random AP-FREE  [1s]
NEW m= 16 Phi=1/16           Psi=1/160          0.006250000  2.0000x random AP-FREE  [1s]
NEW m= 17 Phi=1/17           Psi=1/170          0.005882353  1.8824x random AP-FREE  [1s]
NEW m= 18 Phi=11/162         Psi=11/1620        0.006790123  2.1728x random  [57s]
NEW m= 19 Phi=1/19           Psi=1/190          0.005263158  1.6842x random AP-FREE  [1s]
NEW m= 20 Phi=1/20           Psi=1/200          0.005000000  1.6000x random AP-FREE  [2s]
NEW m= 21 Phi=1/21           Psi=1/210          0.004761905  1.5238x random AP-FREE  [1s]
NEW m= 22 Phi=1/22           Psi=1/220          0.004545455  1.4545x random AP-FREE  [1s]
NEW m= 23 Phi=1/23           Psi=1/230          0.004347826  1.3913x random AP-FREE  [1s]
NEW m= 24 Phi=5/96           Psi=1/192          0.005208333  1.6667x random  [72s]
NEW m= 25 Phi=1/25           Psi=1/250          0.004000000  1.2800x random AP-FREE  [1s]
NEW m= 26 Phi=1/26           Psi=1/260          0.003846154  1.2308x random AP-FREE  [1s]
NEW m= 27 Phi=29/729         Psi=29/7290        0.003978052  1.2730x random  [61s]
NEW m= 28 Phi=1/28           Psi=1/280          0.003571429  1.1429x random AP-FREE  [1s]
NEW m= 29 Phi=1/29           Psi=1/290          0.003448276  1.1034x random AP-FREE  [1s]
NEW m= 30 Phi=1/30           Psi=1/300          0.003333333  1.0667x random AP-FREE  [1s]
NEW m= 31 Phi=1/31           Psi=1/310          0.003225806  1.0323x random AP-FREE  [1s]
NEW m= 32 Phi=9/256          Psi=9/2560         0.003515625  1.1250x random  [43s]
NEW m= 33 Phi=37/1089        Psi=37/10890       0.003397612  1.0872x random  [44s]
NEW m= 34 Phi=1/34           Psi=1/340          0.002941176  0.9412x random AP-FREE  [1s]
NEW m= 35 Phi=1/35           Psi=1/350          0.002857143  0.9143x random AP-FREE  [1s]
NEW m= 36 Phi=11/324         Psi=11/3240        0.003395062  1.0864x random  [40s]
NEW m= 37 Phi=1/37           Psi=1/370          0.002702703  0.8649x random AP-FREE  [1s]
NEW m= 38 Phi=23/722         Psi=23/7220        0.003185596  1.0194x random  [34s]
NEW m= 39 Phi=1/39           Psi=1/390          0.002564103  0.8205x random AP-FREE  [1s]
NEW m= 40 Phi=1/40           Psi=1/400          0.002500000  0.8000x random AP-FREE  [1s]
NEW m= 41 Phi=1/41           Psi=1/410          0.002439024  0.7805x random AP-FREE  [25s]
NEW m= 42 Phi=25/882         Psi=5/1764         0.002834467  0.9070x random  [43s]
NEW m= 43 Phi=1/43           Psi=1/430          0.002325581  0.7442x random AP-FREE  [1s]
NEW m= 44 Phi=1/44           Psi=1/440          0.002272727  0.7273x random AP-FREE  [7s]
NEW m= 45 Phi=1/45           Psi=1/450          0.002222222  0.7111x random AP-FREE  [1s]
NEW m= 46 Phi=1/46           Psi=1/460          0.002173913  0.6957x random AP-FREE  [1s]
NEW m= 47 Phi=1/47           Psi=1/470          0.002127660  0.6809x random AP-FREE  [1s]
NEW m= 48 Phi=17/576         Psi=17/5760        0.002951389  0.9444x random  [83s]
NEW m= 49 Phi=53/2401        Psi=53/24010       0.002207414  0.7064x random  [50s]
NEW m= 50 Phi=27/1250        Psi=27/12500       0.002160000  0.6912x random  [89s]
NEW m= 51 Phi=65/2601        Psi=13/5202        0.002499039  0.7997x random  [62s]
NEW m= 52 Phi=17/676         Psi=17/6760        0.002514793  0.8047x random  [61s]
NEW m= 53 Phi=55/2809        Psi=11/5618        0.001957992  0.6266x random  [54s]
NEW m= 54 Phi=41/1458        Psi=41/14580       0.002812071  0.8999x random  [59s]
NEW m= 55 Phi=63/3025        Psi=63/30250       0.002082645  0.6664x random  [61s]
NEW m= 56 Phi=17/784         Psi=17/7840        0.002168367  0.6939x random  [93s]
NEW m= 57 Phi=25/1083        Psi=5/2166         0.002308403  0.7387x random  [112s]
NEW m= 58 Phi=1/58           Psi=1/580          0.001724138  0.5517x random AP-FREE  [96s]
NEW m= 59 Phi=1/59           Psi=1/590          0.001694915  0.5424x random AP-FREE  [5s]
NEW m= 60 Phi=1/45           Psi=1/450          0.002222222  0.7111x random  [148s]
NEW m= 61 Phi=73/3721        Psi=73/37210       0.001961838  0.6278x random  [99s]
NEW m= 62 Phi=39/1922        Psi=39/19220       0.002029136  0.6493x random  [87s]
NEW m= 63 Phi=1/49           Psi=1/490          0.002040816  0.6531x random  [86s]
NEW m= 64 Phi=21/1024        Psi=21/10240       0.002050781  0.6562x random  [143s]
NEW m= 65 Phi=81/4225        Psi=81/42250       0.001917160  0.6135x random  [125s]
NEW m= 66 Phi=5/198          Psi=1/396          0.002525253  0.8081x random  [104s]
NEW m= 67 Phi=1/67           Psi=1/670          0.001492537  0.4776x random AP-FREE  [6s]
NEW m= 68 Phi=6/289          Psi=3/1445         0.002076125  0.6644x random  [131s]
NEW m= 69 Phi=1/69           Psi=1/690          0.001449275  0.4638x random AP-FREE  [7s]
NEW m= 70 Phi=43/2450        Psi=43/24500       0.001755102  0.5616x random  [140s]
NEW m= 71 Phi=79/5041        Psi=79/50410       0.001567149  0.5015x random  [118s]
NEW m= 72 Phi=61/2592        Psi=61/25920       0.002353395  0.7531x random  [149s]
NEW m= 73 Phi=99/5329        Psi=99/53290       0.001857759  0.5945x random  [140s]
NEW m= 74 Phi=53/2738        Psi=53/27380       0.001935720  0.6194x random  [150s]
NEW m= 75 Phi=107/5625       Psi=107/56250      0.001902222  0.6087x random  [162s]
NEW m= 76 Phi=15/722         Psi=3/1444         0.002077562  0.6648x random  [182s]
NEW m= 77 Phi=107/5929       Psi=107/59290      0.001804689  0.5775x random  [132s]
NEW m= 78 Phi=7/338          Psi=7/3380         0.002071006  0.6627x random  [171s]
NEW m= 79 Phi=103/6241       Psi=103/62410      0.001650377  0.5281x random  [160s]
NEW m= 80 Phi=7/400          Psi=7/4000         0.001750000  0.5600x random  [225s]
NEW m= 81 Phi=121/6561       Psi=121/65610      0.001844231  0.5902x random  [156s]
NEW m= 82 Phi=67/3362        Psi=67/33620       0.001992861  0.6377x random  [99s]
NEW m= 83 Phi=109/6889       Psi=109/68890      0.001582233  0.5063x random  [163s]
NEW m= 84 Phi=37/1764        Psi=37/17640       0.002097506  0.6712x random  [154s]
NEW m= 85 Phi=5/289          Psi=1/578          0.001730104  0.5536x random  [138s]
NEW m= 86 Phi=1/86           Psi=1/860          0.001162791  0.3721x random AP-FREE  [5s]
NEW m= 87 Phi=143/7569       Psi=143/75690      0.001889285  0.6046x random  [168s]
NEW m= 88 Phi=9/484          Psi=9/4840         0.001859504  0.5950x random  [124s]
NEW m= 89 Phi=127/7921       Psi=127/79210      0.001603333  0.5131x random  [161s]
NEW m= 90 Phi=83/4050        Psi=83/40500       0.002049383  0.6558x random  [149s]
NEW m= 91 Phi=145/8281       Psi=29/16562       0.001750996  0.5603x random  [160s]
NEW m= 92 Phi=17/1058        Psi=17/10580       0.001606805  0.5142x random  [158s]
NEW m= 93 Phi=5/279          Psi=1/558          0.001792115  0.5735x random  [199s]
NEW m= 94 Phi=89/4418        Psi=89/44180       0.002014486  0.6446x random  [153s]
NEW m= 95 Phi=29/1805        Psi=29/18050       0.001606648  0.5141x random  [179s]
NEW m= 96 Phi=25/1152        Psi=5/2304         0.002170139  0.6944x random  [132s]
NEW m= 97 Phi=163/9409       Psi=163/94090      0.001732384  0.5544x random  [191s]
NEW m= 98 Phi=85/4802        Psi=17/9604        0.001770096  0.5664x random  [314s]
NEW m= 99 Phi=191/9801       Psi=191/98010      0.001948781  0.6236x random  [309s]
NEW m=100 Phi=43/2500        Psi=43/25000       0.001720000  0.5504x random  [332s]
NEW m=101 Phi=179/10201      Psi=179/102010     0.001754730  0.5615x random  [321s]
NEW m=102 Phi=107/5202       Psi=107/52020      0.002056901  0.6582x random  [306s]
NEW m=103 Phi=135/10609      Psi=27/21218       0.001272504  0.4072x random  [215s]
NEW m=104 Phi=51/2704        Psi=51/27040       0.001886095  0.6036x random  [208s]
NEW m=105 Phi=13/735         Psi=13/7350        0.001768707  0.5660x random  [223s]
