    m= 45 Phi=73/2025        Psi=73/16200       0.004506173  0.5768x random 1.3699x published  [79s]
    m= 46 Phi=49/1058        Psi=49/8464        0.005789225  0.7410x random 1.7599x published  [92s]
NEW m= 47 Phi=93/2209        Psi=93/17672       0.005262562  0.6736x random 1.5998x published  [68s]
NEW m= 48 Phi=7/144          Psi=7/1152         0.006076389  0.7778x random 1.8472x published  [69s]
NEW m= 49 Phi=15/343         Psi=15/2744        0.005466472  0.6997x random 1.6618x published  [37s]
NEW m= 50 Phi=47/1250        Psi=47/10000       0.004700000  0.6016x random 1.4288x published  [41s]
NEW m= 51 Phi=125/2601       Psi=125/20808      0.006007305  0.7689x random 1.8262x published  [46s]
NEW m= 52 Phi=25/676         Psi=25/5408        0.004622781  0.5917x random 1.4053x published  [71s]
NEW m= 53 Phi=121/2809       Psi=121/22472      0.005384478  0.6892x random 1.6369x published  [64s]
NEW m= 54 Phi=71/1458        Psi=71/11664       0.006087106  0.7791x random 1.8505x published  [67s]
NEW m= 55 Phi=117/3025       Psi=117/24200      0.004834711  0.6188x random 1.4698x published  [79s]
NEW m= 56 Phi=31/784         Psi=31/6272        0.004942602  0.6327x random 1.5026x published  [61s]
NEW m= 57 Phi=43/1083        Psi=43/8664        0.004963066  0.6353x random 1.5088x published  [59s]
NEW m= 58 Phi=43/1682        Psi=43/13456       0.003195600  0.4090x random 0.9715x published  [58s]
NEW m= 59 Phi=115/3481       Psi=115/27848      0.004129560  0.5286x random 1.2554x published  [54s]
NEW m= 60 Phi=31/900         Psi=31/7200        0.004305556  0.5511x random 1.3089x published  [89s]
NEW m= 61 Phi=149/3721       Psi=149/29768      0.005005375  0.6407x random 1.5216x published  [94s]
NEW m= 62 Phi=61/1922        Psi=61/15376       0.003967222  0.5078x random 1.2060x published  [117s]
NEW m= 63 Phi=163/3969       Psi=163/31752      0.005133535  0.6571x random 1.5606x published  [111s]
NEW m= 64 Phi=11/256         Psi=11/2048        0.005371094  0.6875x random 1.6328x published  [139s]
NEW m= 65 Phi=31/845         Psi=31/6760        0.004585799  0.5870x random 1.3941x published  [72s]
NEW m= 66 Phi=16/363         Psi=2/363          0.005509642  0.7052x random 1.6749x published  [94s]
NEW m= 67 Phi=155/4489       Psi=155/35912      0.004316106  0.5525x random 1.3121x published  [94s]
NEW m= 68 Phi=89/2312        Psi=89/18496       0.004811851  0.6159x random 1.4628x published  [144s]
NEW m= 69 Phi=65/1587        Psi=65/12696       0.005119723  0.6553x random 1.5564x published  [116s]
NEW m= 70 Phi=17/490         Psi=17/3920        0.004336735  0.5551x random 1.3184x published  [95s]
NEW m= 71 Phi=169/5041       Psi=169/40328      0.004190637  0.5364x random 1.2740x published  [118s]
NEW m= 72 Phi=7/162          Psi=7/1296         0.005401235  0.6914x random 1.6420x published  [148s]
NEW m= 73 Phi=199/5329       Psi=199/42632      0.004667855  0.5975x random 1.4190x published  [109s]
NEW m= 74 Phi=73/2738        Psi=73/21904       0.003332725  0.4266x random 1.0131x published  [129s]
NEW m= 75 Phi=67/1875        Psi=67/15000       0.004466667  0.5717x random 1.3579x published  [136s]
NEW m= 76 Phi=61/1444        Psi=61/11552       0.005280471  0.6759x random 1.6053x published  [147s]
NEW m= 77 Phi=37/847         Psi=37/6776        0.005460449  0.6989x random 1.6600x published  [135s]
NEW m= 78 Phi=35/1014        Psi=35/8112        0.004314596  0.5523x random 1.3116x published  [173s]
NEW m= 79 Phi=247/6241       Psi=247/49928      0.004947124  0.6332x random 1.5039x published  [136s]
NEW m= 80 Phi=3/100          Psi=3/800          0.003750000  0.4800x random 1.1400x published  [149s]
NEW m= 81 Phi=287/6561       Psi=287/52488      0.005467916  0.6999x random 1.6622x published  [164s]
NEW m= 82 Phi=145/3362       Psi=145/26896      0.005391136  0.6901x random 1.6389x published  [181s]
NEW m= 83 Phi=281/6889       Psi=281/55112      0.005098708  0.6526x random 1.5500x published  [179s]
NEW m= 84 Phi=1/28           Psi=1/224          0.004464286  0.5714x random 1.3571x published  [121s]
