NEW m= 12 Phi=5/36           Psi=5/216          0.023148148  1.1111x random 1.6667x published  [50s]
NEW m= 13 Phi=19/169         Psi=19/1014        0.018737673  0.8994x random 1.3491x published  [30s]
NEW m= 14 Phi=13/98          Psi=13/588         0.022108844  1.0612x random 1.5918x published  [42s]
NEW m= 15 Phi=3/25           Psi=1/50           0.020000000  0.9600x random 1.4400x published  [43s]
NEW m= 16 Phi=1/8            Psi=1/48           0.020833333  1.0000x random 1.5000x published  [47s]
NEW m= 17 Phi=33/289         Psi=11/578         0.019031142  0.9135x random 1.3702x published  [19s]
NEW m= 18 Phi=19/162         Psi=19/972         0.019547325  0.9383x random 1.4074x published  [30s]
NEW m= 19 Phi=41/361         Psi=41/2166        0.018928901  0.9086x random 1.3629x published  [19s]
NEW m= 20 Phi=9/100          Psi=3/200          0.015000000  0.7200x random 1.0800x published  [31s]
NEW m= 21 Phi=17/147         Psi=17/882         0.019274376  0.9252x random 1.3878x published  [21s]
NEW m= 22 Phi=21/242         Psi=7/484          0.014462810  0.6942x random 1.0413x published  [19s]
NEW m= 23 Phi=57/529         Psi=19/1058        0.017958412  0.8620x random 1.2930x published  [16s]
NEW m= 24 Phi=17/144         Psi=17/864         0.019675926  0.9444x random 1.4167x published  [26s]
NEW m= 25 Phi=69/625         Psi=23/1250        0.018400000  0.8832x random 1.3248x published  [17s]
NEW m= 26 Phi=37/338         Psi=37/2028        0.018244576  0.8757x random 1.3136x published  [25s]
NEW m= 27 Phi=1/9            Psi=1/54           0.018518519  0.8889x random 1.3333x published  [29s]
NEW m= 28 Phi=19/196         Psi=19/1176        0.016156463  0.7755x random 1.1633x published  [37s]
NEW m= 29 Phi=85/841         Psi=85/5046        0.016845026  0.8086x random 1.2128x published  [31s]
NEW m= 30 Phi=47/450         Psi=47/2700        0.017407407  0.8356x random 1.2533x published  [41s]
NEW m= 31 Phi=91/961         Psi=91/5766        0.015782171  0.7575x random 1.1363x published  [22s]
NEW m= 32 Phi=57/512         Psi=19/1024        0.018554688  0.8906x random 1.3359x published  [31s]
NEW m= 33 Phi=31/363         Psi=31/2178        0.014233242  0.6832x random 1.0248x published  [59s]
NEW m= 34 Phi=65/578         Psi=65/3468        0.018742791  0.8997x random 1.3495x published  [39s]
NEW m= 35 Phi=129/1225       Psi=43/2450        0.017551020  0.8424x random 1.2637x published  [24s]
NEW m= 36 Phi=67/648         Psi=67/3888        0.017232510  0.8272x random 1.2407x published  [36s]
NEW m= 37 Phi=143/1369       Psi=143/8214       0.017409301  0.8356x random 1.2535x published  [27s]
NEW m= 38 Phi=40/361         Psi=20/1083        0.018467221  0.8864x random 1.3296x published  [35s]
NEW m= 39 Phi=53/507         Psi=53/3042        0.017422748  0.8363x random 1.2544x published  [33s]
NEW m= 40 Phi=9/100          Psi=3/200          0.015000000  0.7200x random 1.0800x published  [31s]
NEW m= 41 Phi=175/1681       Psi=175/10086      0.017350783  0.8328x random 1.2493x published  [29s]
NEW m= 42 Phi=95/882         Psi=95/5292        0.017951625  0.8617x random 1.2925x published  [42s]
NEW m= 43 Phi=193/1849       Psi=193/11094      0.017396791  0.8350x random 1.2526x published  [51s]
NEW m= 44 Phi=41/484         Psi=41/2904        0.014118457  0.6777x random 1.0165x published  [51s]
NEW m= 45 Phi=71/675         Psi=71/4050        0.017530864  0.8415x random 1.2622x published  [74s]
NEW m= 46 Phi=56/529         Psi=28/1587        0.017643352  0.8469x random 1.2703x published  [76s]
NEW m= 47 Phi=229/2209       Psi=229/13254      0.017277803  0.8293x random 1.2440x published  [55s]
NEW m= 48 Phi=31/288         Psi=31/1728        0.017939815  0.8611x random 1.2917x published  [85s]
NEW m= 49 Phi=253/2401       Psi=253/14406      0.017562127  0.8430x random 1.2645x published  [77s]
NEW m= 50 Phi=67/625         Psi=67/3750        0.017866667  0.8576x random 1.2864x published  [70s]
NEW m= 51 Phi=275/2601       Psi=275/15606      0.017621428  0.8458x random 1.2687x published  [52s]
NEW m= 52 Phi=61/676         Psi=61/4056        0.015039448  0.7219x random 1.0828x published  [58s]
NEW m= 53 Phi=301/2809       Psi=301/16854      0.017859262  0.8572x random 1.2859x published  [52s]
NEW m= 54 Phi=157/1458       Psi=157/8748       0.017946959  0.8615x random 1.2922x published  [76s]
NEW m= 55 Phi=51/605         Psi=17/1210        0.014049587  0.6744x random 1.0116x published  [86s]
NEW m= 56 Phi=75/784         Psi=25/1568        0.015943878  0.7653x random 1.1480x published  [87s]
NEW m= 57 Phi=349/3249       Psi=349/19494      0.017902944  0.8593x random 1.2890x published  [79s]
NEW m= 58 Phi=165/1682       Psi=55/3364        0.016349584  0.7848x random 1.1772x published  [64s]
NEW m= 59 Phi=337/3481       Psi=337/20886      0.016135210  0.7745x random 1.1617x published  [69s]
NEW m= 60 Phi=9/100          Psi=3/200          0.015000000  0.7200x random 1.0800x published  [94s]
NEW m= 61 Phi=391/3721       Psi=391/22326      0.017513213  0.8406x random 1.2610x published  [80s]
NEW m= 62 Phi=181/1922       Psi=181/11532      0.015695456  0.7534x random 1.1301x published  [95s]
NEW m= 63 Phi=137/1323       Psi=137/7938       0.017258755  0.8284x random 1.2426x published  [89s]
NEW m= 64 Phi=217/2048       Psi=217/12288      0.017659505  0.8477x random 1.2715x published  [82s]
NEW m= 65 Phi=449/4225       Psi=449/25350      0.017712032  0.8502x random 1.2753x published  [88s]
NEW m= 66 Phi=61/726         Psi=61/4356        0.014003673  0.6722x random 1.0083x published  [111s]
NEW m= 67 Phi=471/4489       Psi=157/8978       0.017487191  0.8394x random 1.2591x published  [102s]
NEW m= 68 Phi=235/2312       Psi=235/13872      0.016940600  0.8131x random 1.2197x published  [93s]
NEW m= 69 Phi=503/4761       Psi=503/28566      0.017608346  0.8452x random 1.2678x published  [127s]
NEW m= 70 Phi=257/2450       Psi=257/14700      0.017482993  0.8392x random 1.2588x published  [126s]
NEW m= 71 Phi=521/5041       Psi=521/30246      0.017225418  0.8268x random 1.2402x published  [95s]
NEW m= 72 Phi=89/864         Psi=89/5184        0.017168210  0.8241x random 1.2361x published  [113s]
NEW m= 73 Phi=547/5329       Psi=547/31974      0.017107650  0.8212x random 1.2318x published  [109s]
NEW m= 74 Phi=285/2738       Psi=95/5476        0.017348430  0.8327x random 1.2491x published  [128s]
NEW m= 75 Phi=599/5625       Psi=599/33750      0.017748148  0.8519x random 1.2779x published  [138s]
NEW m= 76 Phi=145/1444       Psi=145/8664       0.016735919  0.8033x random 1.2050x published  [149s]
NEW m= 77 Phi=71/847         Psi=71/5082        0.013970878  0.6706x random 1.0059x published  [126s]
NEW m= 78 Phi=35/338         Psi=35/2028        0.017258383  0.8284x random 1.2426x published  [65s]
NEW m= 79 Phi=661/6241       Psi=661/37446      0.017652086  0.8473x random 1.2710x published  [101s]
NEW m= 80 Phi=9/100          Psi=3/200          0.015000000  0.7200x random 1.0800x published  [116s]
NEW m= 81 Phi=709/6561       Psi=709/39366      0.018010466  0.8645x random 1.2968x published  [116s]
NEW m= 82 Phi=349/3362       Psi=349/20172      0.017301210  0.8305x random 1.2457x published  [98s]
NEW m= 83 Phi=735/6889       Psi=245/13778      0.017781971  0.8535x random 1.2803x published  [116s]
NEW m= 84 Phi=23/252         Psi=23/1512        0.015211640  0.7302x random 1.0952x published  [126s]
NEW m= 85 Phi=773/7225       Psi=773/43350      0.017831603  0.8559x random 1.2839x published  [83s]
NEW m= 86 Phi=385/3698       Psi=385/22188      0.017351722  0.8329x random 1.2493x published  [106s]
NEW m= 87 Phi=749/7569       Psi=749/45414      0.016492711  0.7917x random 1.1875x published  [123s]
NEW m= 88 Phi=163/1936       Psi=163/11616      0.014032369  0.6736x random 1.0103x published  [102s]
NEW m= 89 Phi=843/7921       Psi=281/15842      0.017737659  0.8514x random 1.2771x published  [122s]
NEW m= 90 Phi=407/4050       Psi=407/24300      0.016748971  0.8040x random 1.2059x published  [136s]
NEW m= 91 Phi=127/1183       Psi=127/7098       0.017892364  0.8588x random 1.2883x published  [103s]
NEW m= 92 Phi=217/2116       Psi=217/12696      0.017091997  0.8204x random 1.2306x published  [158s]
NEW m= 93 Phi=271/2883       Psi=271/17298      0.015666551  0.7520x random 1.1280x published  [106s]
NEW m= 94 Phi=457/4418       Psi=457/26508      0.017240078  0.8275x random 1.2413x published  [133s]
NEW m= 95 Phi=959/9025       Psi=959/54150      0.017710065  0.8501x random 1.2751x published  [143s]
NEW m= 96 Phi=41/384         Psi=41/2304        0.017795139  0.8542x random 1.2812x published  [86s]
NEW m= 97 Phi=1017/9409      Psi=339/18818      0.018014667  0.8647x random 1.2971x published  [116s]
NEW m= 98 Phi=505/4802       Psi=505/28812      0.017527419  0.8413x random 1.2620x published  [222s]
NEW m= 99 Phi=821/9801       Psi=821/58806      0.013961160  0.6701x random 1.0052x published  [256s]
NEW m=100 Phi=9/100          Psi=3/200          0.015000000  0.7200x random 1.0800x published  [237s]
NEW m=101 Phi=1091/10201     Psi=1091/61206     0.017825050  0.8556x random 1.2834x published  [235s]
NEW m=102 Phi=181/1734       Psi=181/10404      0.017397155  0.8351x random 1.2526x published  [270s]
NEW m=103 Phi=1145/10609     Psi=1145/63654     0.017987872  0.8634x random 1.2951x published  [247s]
NEW m=104 Phi=243/2704       Psi=81/5408        0.014977811  0.7189x random 1.0784x published  [228s]
NEW m=105 Phi=11/105         Psi=11/630         0.017460317  0.8381x random 1.2571x published  [183s]
NEW m=106 Phi=597/5618       Psi=199/11236      0.017710929  0.8501x random 1.2752x published  [146s]
NEW m=107 Phi=1243/11449     Psi=1243/68694     0.018094739  0.8685x random 1.3028x published  [173s]
NEW m=108 Phi=25/243         Psi=25/1458        0.017146776  0.8230x random 1.2346x published  [181s]
